#0 building with "desktop-linux" instance using docker driver

#1 [internal] load build definition from Dockerfile
#1 transferring dockerfile: 205B done
#1 DONE 0.0s

#2 [internal] load metadata for docker.io/library/golang:1.21-alpine
#2 DONE 0.0s

#3 [internal] load .dockerignore
#3 transferring context: 101B done
#3 DONE 0.0s

#4 [1/6] FROM docker.io/library/golang:1.21-alpine@sha256:2414035b086e3c42b99654c8b26e6f5b1b1598080d65fd03c7f499552ff4dc94
#4 resolve docker.io/library/golang:1.21-alpine@sha256:2414035b086e3c42b99654c8b26e6f5b1b1598080d65fd03c7f499552ff4dc94 0.0s done
#4 DONE 0.0s

#5 [internal] load build context
#5 transferring context: 25.62kB done
#5 DONE 0.0s

#6 [2/6] WORKDIR /src
#6 CACHED

#7 [3/6] COPY go.mod go.sum ./
#7 DONE 0.0s

#8 [4/6] RUN go mod download || true
#8 0.138 go: no module dependencies to download
#8 DONE 0.1s

#9 [5/6] COPY . .
#9 DONE 0.0s

#10 [6/6] RUN go build ./...
#10 DONE 4.5s

#11 exporting to image
#11 exporting layers
#11 exporting layers 0.9s done
#11 exporting manifest sha256:345b5c2574ceaf62d82e9cccc1ead327b3babf6eb54f646d6b12d3e08c2b1013 0.0s done
#11 exporting config sha256:5c4f76d90939490d392d536f26f6e34f4e83bb9f710de2719d94f6d6a1913a7b 0.0s done
#11 exporting attestation manifest sha256:d5afae9faff2b9af2ca7acc111d35e744508dacc3c357235953b5df4dde527da 0.0s done
#11 exporting manifest list sha256:f3af1461c1328ad38db638d605da4cf1e9cbba17488c47dc970984ef7be6e436 0.0s done
#11 naming to docker.io/library/img-meta:verify done
#11 unpacking to docker.io/library/img-meta:verify 0.1s done
#11 DONE 1.1s
